exports[`test renders a book correctly 1`] = `
<div
  className="book">
  <div
    className="book-top">
    <div
      className="book-cover"
      style={
        Object {
          "backgroundImage": "url(\'http://books.google.com/books/content?id=nggnmAEACAAJ&printsec=frontcover&img=1&zoom=1&source=gbs_api\')",
          "height": 193,
          "width": 128,
        }
      } />
    <div
      className="book-shelf-changer">
      <select
        onChange={[Function]}
        value="currentlyReading">
        <option
          disabled={true}
          value="none">
          Move to...
        </option>
        <option
          value="currentlyReading">
          Currently Reading
        </option>
        <option
          value="wantToRead">
          Want to Read
        </option>
        <option
          value="read">
          Read
        </option>
        <option
          value="none">
          None
        </option>
      </select>
    </div>
  </div>
  <div
    className="book-title">
    The Linux Command Line
  </div>
  <div
    className="book-authors" />
</div>
`;
